query MyQuery($a: String, $b: String){
    query {
        ... on ObjectB {
            ... on Interface {
                ... on ObjectC {
                    aField(a: $a, b: $b){
                        __typename
                        age
                        name
                    }
                }
            }
        }
        ... on ObjectC {
            aField(a: $a, b: $b){
                __typename
                age
                name
            }
        }
    }
}