query MyQuery($skip: Boolean!, $include: Boolean!){
    query {
        ... on ObjectB {
            ... on Interface {
                ... on ObjectC {
                    aField {
                        __typename
                        age
                        name
                    }
                }
            }
        }
        ... on ObjectC {
            aField {
                __typename
                age
                name
            }
        }
    }
}