EnterOperationDefinition (PostsUserQuery): ref: 0, info: {Depth:1 Ancestors:[] SelectionSet:-1 SelectionsBefore:[] SelectionsAfter:[] ArgumentsBefore:[] ArgumentsAfter:[] VariableDefinitionsBefore:[] VariableDefinitionsAfter:[] DirectivesBefore:[] DirectivesAfter:[] InputValueDefinitions:[] HasSelections:false FieldTypeDefinition:{Kind:NodeKind(0) Ref:0} EnclosingTypeDefinition:{Kind:NodeKindObjectTypeDefinition Ref:0} InputValueDefinition:0 DirectiveDefinition:0 IsLastRootNode:true}
  EnterSelectionSet(Query): ref: 2, info: {Depth:2 Ancestors:[{Kind:NodeKindOperationDefinition Ref:0}] SelectionSet:2 SelectionsBefore:[] SelectionsAfter:[] ArgumentsBefore:[] ArgumentsAfter:[] VariableDefinitionsBefore:[] VariableDefinitionsAfter:[] DirectivesBefore:[] DirectivesAfter:[] InputValueDefinitions:[] HasSelections:true FieldTypeDefinition:{Kind:NodeKind(0) Ref:0} EnclosingTypeDefinition:{Kind:NodeKindObjectTypeDefinition Ref:0} InputValueDefinition:0 DirectiveDefinition:0 IsLastRootNode:false}
    EnterField(posts::Query): ref: 5, info: {Depth:3 Ancestors:[{Kind:NodeKindOperationDefinition Ref:0} {Kind:NodeKindSelectionSet Ref:2}] SelectionSet:2 SelectionsBefore:[] SelectionsAfter:[] ArgumentsBefore:[] ArgumentsAfter:[] VariableDefinitionsBefore:[] VariableDefinitionsAfter:[] DirectivesBefore:[] DirectivesAfter:[] InputValueDefinitions:[] HasSelections:true FieldTypeDefinition:{Kind:NodeKindObjectTypeDefinition Ref:2} EnclosingTypeDefinition:{Kind:NodeKindObjectTypeDefinition Ref:0} InputValueDefinition:0 DirectiveDefinition:0 IsLastRootNode:false}, SelectionsBefore: [] SelectionsAfter: []
      EnterSelectionSet(Post): ref: 1, info: {Depth:4 Ancestors:[{Kind:NodeKindOperationDefinition Ref:0} {Kind:NodeKindSelectionSet Ref:2} {Kind:NodeKindField Ref:5}] SelectionSet:1 SelectionsBefore:[] SelectionsAfter:[] ArgumentsBefore:[] ArgumentsAfter:[] VariableDefinitionsBefore:[] VariableDefinitionsAfter:[] DirectivesBefore:[] DirectivesAfter:[] InputValueDefinitions:[] HasSelections:true FieldTypeDefinition:{Kind:NodeKind(0) Ref:0} EnclosingTypeDefinition:{Kind:NodeKindObjectTypeDefinition Ref:2} InputValueDefinition:0 DirectiveDefinition:0 IsLastRootNode:false}
        EnterField(id::Post): ref: 0, info: {Depth:5 Ancestors:[{Kind:NodeKindOperationDefinition Ref:0} {Kind:NodeKindSelectionSet Ref:2} {Kind:NodeKindField Ref:5} {Kind:NodeKindSelectionSet Ref:1}] SelectionSet:1 SelectionsBefore:[] SelectionsAfter:[1 4] ArgumentsBefore:[] ArgumentsAfter:[] VariableDefinitionsBefore:[] VariableDefinitionsAfter:[] DirectivesBefore:[] DirectivesAfter:[] InputValueDefinitions:[] HasSelections:false FieldTypeDefinition:{Kind:NodeKindScalarTypeDefinition Ref:0} EnclosingTypeDefinition:{Kind:NodeKindObjectTypeDefinition Ref:2} InputValueDefinition:0 DirectiveDefinition:0 IsLastRootNode:false}, SelectionsBefore: [] SelectionsAfter: [{Kind:SelectionKindField Ref:1},{Kind:SelectionKindField Ref:4}]
        LeaveField(id::Post): ref: 0, info: {Depth:5 Ancestors:[{Kind:NodeKindOperationDefinition Ref:0} {Kind:NodeKindSelectionSet Ref:2} {Kind:NodeKindField Ref:5} {Kind:NodeKindSelectionSet Ref:1}] SelectionSet:1 SelectionsBefore:[] SelectionsAfter:[1 4] ArgumentsBefore:[] ArgumentsAfter:[] VariableDefinitionsBefore:[] VariableDefinitionsAfter:[] DirectivesBefore:[] DirectivesAfter:[] InputValueDefinitions:[] HasSelections:false FieldTypeDefinition:{Kind:NodeKindScalarTypeDefinition Ref:0} EnclosingTypeDefinition:{Kind:NodeKindObjectTypeDefinition Ref:2} InputValueDefinition:0 DirectiveDefinition:0 IsLastRootNode:false}
        EnterField(description::Post): ref: 1, info: {Depth:5 Ancestors:[{Kind:NodeKindOperationDefinition Ref:0} {Kind:NodeKindSelectionSet Ref:2} {Kind:NodeKindField Ref:5} {Kind:NodeKindSelectionSet Ref:1}] SelectionSet:1 SelectionsBefore:[0] SelectionsAfter:[4] ArgumentsBefore:[] ArgumentsAfter:[] VariableDefinitionsBefore:[] VariableDefinitionsAfter:[] DirectivesBefore:[] DirectivesAfter:[] InputValueDefinitions:[] HasSelections:false FieldTypeDefinition:{Kind:NodeKindScalarTypeDefinition Ref:1} EnclosingTypeDefinition:{Kind:NodeKindObjectTypeDefinition Ref:2} InputValueDefinition:0 DirectiveDefinition:0 IsLastRootNode:false}, SelectionsBefore: [{Kind:SelectionKindField Ref:0}] SelectionsAfter: [{Kind:SelectionKindField Ref:4}]
        LeaveField(description::Post): ref: 1, info: {Depth:5 Ancestors:[{Kind:NodeKindOperationDefinition Ref:0} {Kind:NodeKindSelectionSet Ref:2} {Kind:NodeKindField Ref:5} {Kind:NodeKindSelectionSet Ref:1}] SelectionSet:1 SelectionsBefore:[0] SelectionsAfter:[4] ArgumentsBefore:[] ArgumentsAfter:[] VariableDefinitionsBefore:[] VariableDefinitionsAfter:[] DirectivesBefore:[] DirectivesAfter:[] InputValueDefinitions:[] HasSelections:false FieldTypeDefinition:{Kind:NodeKindScalarTypeDefinition Ref:1} EnclosingTypeDefinition:{Kind:NodeKindObjectTypeDefinition Ref:2} InputValueDefinition:0 DirectiveDefinition:0 IsLastRootNode:false}
      LeaveSelectionSet(Post): ref: 1, info: {Depth:4 Ancestors:[{Kind:NodeKindOperationDefinition Ref:0} {Kind:NodeKindSelectionSet Ref:2} {Kind:NodeKindField Ref:5}] SelectionSet:1 SelectionsBefore:[] SelectionsAfter:[] ArgumentsBefore:[] ArgumentsAfter:[] VariableDefinitionsBefore:[] VariableDefinitionsAfter:[] DirectivesBefore:[] DirectivesAfter:[] InputValueDefinitions:[] HasSelections:true FieldTypeDefinition:{Kind:NodeKind(0) Ref:0} EnclosingTypeDefinition:{Kind:NodeKindObjectTypeDefinition Ref:2} InputValueDefinition:0 DirectiveDefinition:0 IsLastRootNode:false}
    LeaveField(posts::Query): ref: 5, info: {Depth:3 Ancestors:[{Kind:NodeKindOperationDefinition Ref:0} {Kind:NodeKindSelectionSet Ref:2}] SelectionSet:2 SelectionsBefore:[] SelectionsAfter:[] ArgumentsBefore:[] ArgumentsAfter:[] VariableDefinitionsBefore:[] VariableDefinitionsAfter:[] DirectivesBefore:[] DirectivesAfter:[] InputValueDefinitions:[] HasSelections:true FieldTypeDefinition:{Kind:NodeKindObjectTypeDefinition Ref:2} EnclosingTypeDefinition:{Kind:NodeKindObjectTypeDefinition Ref:0} InputValueDefinition:0 DirectiveDefinition:0 IsLastRootNode:false}
  LeaveSelectionSet(Query): ref: 2, info: {Depth:2 Ancestors:[{Kind:NodeKindOperationDefinition Ref:0}] SelectionSet:2 SelectionsBefore:[] SelectionsAfter:[] ArgumentsBefore:[] ArgumentsAfter:[] VariableDefinitionsBefore:[] VariableDefinitionsAfter:[] DirectivesBefore:[] DirectivesAfter:[] InputValueDefinitions:[] HasSelections:true FieldTypeDefinition:{Kind:NodeKind(0) Ref:0} EnclosingTypeDefinition:{Kind:NodeKindObjectTypeDefinition Ref:0} InputValueDefinition:0 DirectiveDefinition:0 IsLastRootNode:false}
LeaveOperationDefinition: ref: 0, info: {Depth:1 Ancestors:[] SelectionSet:-1 SelectionsBefore:[] SelectionsAfter:[] ArgumentsBefore:[] ArgumentsAfter:[] VariableDefinitionsBefore:[] VariableDefinitionsAfter:[] DirectivesBefore:[] DirectivesAfter:[] InputValueDefinitions:[] HasSelections:false FieldTypeDefinition:{Kind:NodeKind(0) Ref:0} EnclosingTypeDefinition:{Kind:NodeKindObjectTypeDefinition Ref:0} InputValueDefinition:0 DirectiveDefinition:0 IsLastRootNode:true}

