EnterOperationDefinition (PostsUserQuery): ref: 0, info: {Depth:1 Ancestors:[] SelectionSet:-1 SelectionsBefore:[] SelectionsAfter:[] ArgumentsBefore:[] ArgumentsAfter:[] VariableDefinitionsBefore:[] VariableDefinitionsAfter:[] DirectivesBefore:[] DirectivesAfter:[] InputValueDefinitions:[] HasSelections:false FieldTypeDefinition:{Kind:NodeKind(0) Ref:0} EnclosingTypeDefinition:{Kind:NodeKindObjectTypeDefinition Ref:0} IsLastRootNode:false Definition:{Kind:NodeKind(0) Ref:0}}
  EnterSelectionSet(Query): ref: 2, info: {Depth:2 Ancestors:[{Kind:NodeKindOperationDefinition Ref:0}] SelectionSet:2 SelectionsBefore:[] SelectionsAfter:[] ArgumentsBefore:[] ArgumentsAfter:[] VariableDefinitionsBefore:[] VariableDefinitionsAfter:[] DirectivesBefore:[] DirectivesAfter:[] InputValueDefinitions:[] HasSelections:true FieldTypeDefinition:{Kind:NodeKind(0) Ref:0} EnclosingTypeDefinition:{Kind:NodeKindObjectTypeDefinition Ref:0} IsLastRootNode:false Definition:{Kind:NodeKind(0) Ref:0}}
    EnterField(posts::Query): ref: 5, info: {Depth:3 Ancestors:[{Kind:NodeKindOperationDefinition Ref:0} {Kind:NodeKindSelectionSet Ref:2}] SelectionSet:2 SelectionsBefore:[] SelectionsAfter:[] ArgumentsBefore:[] ArgumentsAfter:[] VariableDefinitionsBefore:[] VariableDefinitionsAfter:[] DirectivesBefore:[] DirectivesAfter:[] InputValueDefinitions:[] HasSelections:true FieldTypeDefinition:{Kind:NodeKindObjectTypeDefinition Ref:2} EnclosingTypeDefinition:{Kind:NodeKindObjectTypeDefinition Ref:0} IsLastRootNode:false Definition:{Kind:NodeKindFieldDefinition Ref:0}}, SelectionsBefore: [] SelectionsAfter: []
      EnterSelectionSet(Post): ref: 1, info: {Depth:4 Ancestors:[{Kind:NodeKindOperationDefinition Ref:0} {Kind:NodeKindSelectionSet Ref:2} {Kind:NodeKindField Ref:5}] SelectionSet:1 SelectionsBefore:[] SelectionsAfter:[] ArgumentsBefore:[] ArgumentsAfter:[] VariableDefinitionsBefore:[] VariableDefinitionsAfter:[] DirectivesBefore:[] DirectivesAfter:[] InputValueDefinitions:[] HasSelections:true FieldTypeDefinition:{Kind:NodeKind(0) Ref:0} EnclosingTypeDefinition:{Kind:NodeKindObjectTypeDefinition Ref:2} IsLastRootNode:false Definition:{Kind:NodeKind(0) Ref:0}}
        EnterField(id::Post): ref: 0, info: {Depth:5 Ancestors:[{Kind:NodeKindOperationDefinition Ref:0} {Kind:NodeKindSelectionSet Ref:2} {Kind:NodeKindField Ref:5} {Kind:NodeKindSelectionSet Ref:1}] SelectionSet:1 SelectionsBefore:[] SelectionsAfter:[1 4] ArgumentsBefore:[] ArgumentsAfter:[] VariableDefinitionsBefore:[] VariableDefinitionsAfter:[] DirectivesBefore:[] DirectivesAfter:[] InputValueDefinitions:[] HasSelections:false FieldTypeDefinition:{Kind:NodeKindScalarTypeDefinition Ref:0} EnclosingTypeDefinition:{Kind:NodeKindObjectTypeDefinition Ref:2} IsLastRootNode:false Definition:{Kind:NodeKindFieldDefinition Ref:4}}, SelectionsBefore: [] SelectionsAfter: [{Kind:SelectionKindField Ref:1},{Kind:SelectionKindField Ref:4}]
        LeaveField(id::Post): ref: 0, info: {Depth:5 Ancestors:[{Kind:NodeKindOperationDefinition Ref:0} {Kind:NodeKindSelectionSet Ref:2} {Kind:NodeKindField Ref:5} {Kind:NodeKindSelectionSet Ref:1}] SelectionSet:1 SelectionsBefore:[] SelectionsAfter:[1 4] ArgumentsBefore:[] ArgumentsAfter:[] VariableDefinitionsBefore:[] VariableDefinitionsAfter:[] DirectivesBefore:[] DirectivesAfter:[] InputValueDefinitions:[] HasSelections:false FieldTypeDefinition:{Kind:NodeKindScalarTypeDefinition Ref:0} EnclosingTypeDefinition:{Kind:NodeKindObjectTypeDefinition Ref:2} IsLastRootNode:false Definition:{Kind:NodeKindFieldDefinition Ref:4}}
        EnterField(description::Post): ref: 1, info: {Depth:5 Ancestors:[{Kind:NodeKindOperationDefinition Ref:0} {Kind:NodeKindSelectionSet Ref:2} {Kind:NodeKindField Ref:5} {Kind:NodeKindSelectionSet Ref:1}] SelectionSet:1 SelectionsBefore:[0] SelectionsAfter:[4] ArgumentsBefore:[] ArgumentsAfter:[] VariableDefinitionsBefore:[] VariableDefinitionsAfter:[] DirectivesBefore:[] DirectivesAfter:[] InputValueDefinitions:[] HasSelections:false FieldTypeDefinition:{Kind:NodeKindScalarTypeDefinition Ref:1} EnclosingTypeDefinition:{Kind:NodeKindObjectTypeDefinition Ref:2} IsLastRootNode:false Definition:{Kind:NodeKindFieldDefinition Ref:5}}, SelectionsBefore: [{Kind:SelectionKindField Ref:0}] SelectionsAfter: [{Kind:SelectionKindField Ref:4}]
        LeaveField(description::Post): ref: 1, info: {Depth:5 Ancestors:[{Kind:NodeKindOperationDefinition Ref:0} {Kind:NodeKindSelectionSet Ref:2} {Kind:NodeKindField Ref:5} {Kind:NodeKindSelectionSet Ref:1}] SelectionSet:1 SelectionsBefore:[0] SelectionsAfter:[4] ArgumentsBefore:[] ArgumentsAfter:[] VariableDefinitionsBefore:[] VariableDefinitionsAfter:[] DirectivesBefore:[] DirectivesAfter:[] InputValueDefinitions:[] HasSelections:false FieldTypeDefinition:{Kind:NodeKindScalarTypeDefinition Ref:1} EnclosingTypeDefinition:{Kind:NodeKindObjectTypeDefinition Ref:2} IsLastRootNode:false Definition:{Kind:NodeKindFieldDefinition Ref:5}}
        EnterField(user::Post): ref: 4, info: {Depth:5 Ancestors:[{Kind:NodeKindOperationDefinition Ref:0} {Kind:NodeKindSelectionSet Ref:2} {Kind:NodeKindField Ref:5} {Kind:NodeKindSelectionSet Ref:1}] SelectionSet:1 SelectionsBefore:[0 1] SelectionsAfter:[] ArgumentsBefore:[] ArgumentsAfter:[] VariableDefinitionsBefore:[] VariableDefinitionsAfter:[] DirectivesBefore:[] DirectivesAfter:[] InputValueDefinitions:[] HasSelections:true FieldTypeDefinition:{Kind:NodeKindObjectTypeDefinition Ref:1} EnclosingTypeDefinition:{Kind:NodeKindObjectTypeDefinition Ref:2} IsLastRootNode:false Definition:{Kind:NodeKindFieldDefinition Ref:6}}, SelectionsBefore: [{Kind:SelectionKindField Ref:0},{Kind:SelectionKindField Ref:1}] SelectionsAfter: []
          EnterSelectionSet(User): ref: 0, info: {Depth:6 Ancestors:[{Kind:NodeKindOperationDefinition Ref:0} {Kind:NodeKindSelectionSet Ref:2} {Kind:NodeKindField Ref:5} {Kind:NodeKindSelectionSet Ref:1} {Kind:NodeKindField Ref:4}] SelectionSet:0 SelectionsBefore:[] SelectionsAfter:[] ArgumentsBefore:[] ArgumentsAfter:[] VariableDefinitionsBefore:[] VariableDefinitionsAfter:[] DirectivesBefore:[] DirectivesAfter:[] InputValueDefinitions:[] HasSelections:true FieldTypeDefinition:{Kind:NodeKind(0) Ref:0} EnclosingTypeDefinition:{Kind:NodeKindObjectTypeDefinition Ref:1} IsLastRootNode:false Definition:{Kind:NodeKind(0) Ref:0}}
            EnterField(id::User): ref: 2, info: {Depth:7 Ancestors:[{Kind:NodeKindOperationDefinition Ref:0} {Kind:NodeKindSelectionSet Ref:2} {Kind:NodeKindField Ref:5} {Kind:NodeKindSelectionSet Ref:1} {Kind:NodeKindField Ref:4} {Kind:NodeKindSelectionSet Ref:0}] SelectionSet:0 SelectionsBefore:[] SelectionsAfter:[3] ArgumentsBefore:[] ArgumentsAfter:[] VariableDefinitionsBefore:[] VariableDefinitionsAfter:[] DirectivesBefore:[] DirectivesAfter:[] InputValueDefinitions:[] HasSelections:false FieldTypeDefinition:{Kind:NodeKindScalarTypeDefinition Ref:0} EnclosingTypeDefinition:{Kind:NodeKindObjectTypeDefinition Ref:1} IsLastRootNode:false Definition:{Kind:NodeKindFieldDefinition Ref:2}}, SelectionsBefore: [] SelectionsAfter: [{Kind:SelectionKindField Ref:3}]
            LeaveField(id::User): ref: 2, info: {Depth:7 Ancestors:[{Kind:NodeKindOperationDefinition Ref:0} {Kind:NodeKindSelectionSet Ref:2} {Kind:NodeKindField Ref:5} {Kind:NodeKindSelectionSet Ref:1} {Kind:NodeKindField Ref:4} {Kind:NodeKindSelectionSet Ref:0}] SelectionSet:0 SelectionsBefore:[] SelectionsAfter:[3] ArgumentsBefore:[] ArgumentsAfter:[] VariableDefinitionsBefore:[] VariableDefinitionsAfter:[] DirectivesBefore:[] DirectivesAfter:[] InputValueDefinitions:[] HasSelections:false FieldTypeDefinition:{Kind:NodeKindScalarTypeDefinition Ref:0} EnclosingTypeDefinition:{Kind:NodeKindObjectTypeDefinition Ref:1} IsLastRootNode:false Definition:{Kind:NodeKindFieldDefinition Ref:2}}
            EnterField(name::User): ref: 3, info: {Depth:7 Ancestors:[{Kind:NodeKindOperationDefinition Ref:0} {Kind:NodeKindSelectionSet Ref:2} {Kind:NodeKindField Ref:5} {Kind:NodeKindSelectionSet Ref:1} {Kind:NodeKindField Ref:4} {Kind:NodeKindSelectionSet Ref:0}] SelectionSet:0 SelectionsBefore:[2] SelectionsAfter:[] ArgumentsBefore:[] ArgumentsAfter:[] VariableDefinitionsBefore:[] VariableDefinitionsAfter:[] DirectivesBefore:[] DirectivesAfter:[] InputValueDefinitions:[] HasSelections:false FieldTypeDefinition:{Kind:NodeKindScalarTypeDefinition Ref:1} EnclosingTypeDefinition:{Kind:NodeKindObjectTypeDefinition Ref:1} IsLastRootNode:false Definition:{Kind:NodeKindFieldDefinition Ref:3}}, SelectionsBefore: [{Kind:SelectionKindField Ref:2}] SelectionsAfter: []
            LeaveField(name::User): ref: 3, info: {Depth:7 Ancestors:[{Kind:NodeKindOperationDefinition Ref:0} {Kind:NodeKindSelectionSet Ref:2} {Kind:NodeKindField Ref:5} {Kind:NodeKindSelectionSet Ref:1} {Kind:NodeKindField Ref:4} {Kind:NodeKindSelectionSet Ref:0}] SelectionSet:0 SelectionsBefore:[2] SelectionsAfter:[] ArgumentsBefore:[] ArgumentsAfter:[] VariableDefinitionsBefore:[] VariableDefinitionsAfter:[] DirectivesBefore:[] DirectivesAfter:[] InputValueDefinitions:[] HasSelections:false FieldTypeDefinition:{Kind:NodeKindScalarTypeDefinition Ref:1} EnclosingTypeDefinition:{Kind:NodeKindObjectTypeDefinition Ref:1} IsLastRootNode:false Definition:{Kind:NodeKindFieldDefinition Ref:3}}
          LeaveSelectionSet(User): ref: 0, info: {Depth:6 Ancestors:[{Kind:NodeKindOperationDefinition Ref:0} {Kind:NodeKindSelectionSet Ref:2} {Kind:NodeKindField Ref:5} {Kind:NodeKindSelectionSet Ref:1} {Kind:NodeKindField Ref:4}] SelectionSet:0 SelectionsBefore:[] SelectionsAfter:[] ArgumentsBefore:[] ArgumentsAfter:[] VariableDefinitionsBefore:[] VariableDefinitionsAfter:[] DirectivesBefore:[] DirectivesAfter:[] InputValueDefinitions:[] HasSelections:true FieldTypeDefinition:{Kind:NodeKind(0) Ref:0} EnclosingTypeDefinition:{Kind:NodeKindObjectTypeDefinition Ref:1} IsLastRootNode:false Definition:{Kind:NodeKind(0) Ref:0}}
        LeaveField(user::Post): ref: 4, info: {Depth:5 Ancestors:[{Kind:NodeKindOperationDefinition Ref:0} {Kind:NodeKindSelectionSet Ref:2} {Kind:NodeKindField Ref:5} {Kind:NodeKindSelectionSet Ref:1}] SelectionSet:1 SelectionsBefore:[0 1] SelectionsAfter:[] ArgumentsBefore:[] ArgumentsAfter:[] VariableDefinitionsBefore:[] VariableDefinitionsAfter:[] DirectivesBefore:[] DirectivesAfter:[] InputValueDefinitions:[] HasSelections:true FieldTypeDefinition:{Kind:NodeKindObjectTypeDefinition Ref:1} EnclosingTypeDefinition:{Kind:NodeKindObjectTypeDefinition Ref:2} IsLastRootNode:false Definition:{Kind:NodeKindFieldDefinition Ref:6}}
      LeaveSelectionSet(Post): ref: 1, info: {Depth:4 Ancestors:[{Kind:NodeKindOperationDefinition Ref:0} {Kind:NodeKindSelectionSet Ref:2} {Kind:NodeKindField Ref:5}] SelectionSet:1 SelectionsBefore:[] SelectionsAfter:[] ArgumentsBefore:[] ArgumentsAfter:[] VariableDefinitionsBefore:[] VariableDefinitionsAfter:[] DirectivesBefore:[] DirectivesAfter:[] InputValueDefinitions:[] HasSelections:true FieldTypeDefinition:{Kind:NodeKind(0) Ref:0} EnclosingTypeDefinition:{Kind:NodeKindObjectTypeDefinition Ref:2} IsLastRootNode:false Definition:{Kind:NodeKind(0) Ref:0}}
    LeaveField(posts::Query): ref: 5, info: {Depth:3 Ancestors:[{Kind:NodeKindOperationDefinition Ref:0} {Kind:NodeKindSelectionSet Ref:2}] SelectionSet:2 SelectionsBefore:[] SelectionsAfter:[] ArgumentsBefore:[] ArgumentsAfter:[] VariableDefinitionsBefore:[] VariableDefinitionsAfter:[] DirectivesBefore:[] DirectivesAfter:[] InputValueDefinitions:[] HasSelections:true FieldTypeDefinition:{Kind:NodeKindObjectTypeDefinition Ref:2} EnclosingTypeDefinition:{Kind:NodeKindObjectTypeDefinition Ref:0} IsLastRootNode:false Definition:{Kind:NodeKindFieldDefinition Ref:0}}
  LeaveSelectionSet(Query): ref: 2, info: {Depth:2 Ancestors:[{Kind:NodeKindOperationDefinition Ref:0}] SelectionSet:2 SelectionsBefore:[] SelectionsAfter:[] ArgumentsBefore:[] ArgumentsAfter:[] VariableDefinitionsBefore:[] VariableDefinitionsAfter:[] DirectivesBefore:[] DirectivesAfter:[] InputValueDefinitions:[] HasSelections:true FieldTypeDefinition:{Kind:NodeKind(0) Ref:0} EnclosingTypeDefinition:{Kind:NodeKindObjectTypeDefinition Ref:0} IsLastRootNode:false Definition:{Kind:NodeKind(0) Ref:0}}
LeaveOperationDefinition: ref: 0, info: {Depth:1 Ancestors:[] SelectionSet:-1 SelectionsBefore:[] SelectionsAfter:[] ArgumentsBefore:[] ArgumentsAfter:[] VariableDefinitionsBefore:[] VariableDefinitionsAfter:[] DirectivesBefore:[] DirectivesAfter:[] InputValueDefinitions:[] HasSelections:false FieldTypeDefinition:{Kind:NodeKind(0) Ref:0} EnclosingTypeDefinition:{Kind:NodeKindObjectTypeDefinition Ref:0} IsLastRootNode:false Definition:{Kind:NodeKind(0) Ref:0}}

EnterFragmentDefinition(FirstFragment): ref: 0, info: {Depth:1 Ancestors:[] SelectionSet:-1 SelectionsBefore:[] SelectionsAfter:[] ArgumentsBefore:[] ArgumentsAfter:[] VariableDefinitionsBefore:[] VariableDefinitionsAfter:[] DirectivesBefore:[] DirectivesAfter:[] InputValueDefinitions:[] HasSelections:true FieldTypeDefinition:{Kind:NodeKind(0) Ref:0} EnclosingTypeDefinition:{Kind:NodeKindObjectTypeDefinition Ref:2} IsLastRootNode:false Definition:{Kind:NodeKind(0) Ref:0}}
  EnterSelectionSet(Post): ref: 3, info: {Depth:2 Ancestors:[{Kind:NodeKindFragmentDefinition Ref:0}] SelectionSet:3 SelectionsBefore:[] SelectionsAfter:[] ArgumentsBefore:[] ArgumentsAfter:[] VariableDefinitionsBefore:[] VariableDefinitionsAfter:[] DirectivesBefore:[] DirectivesAfter:[] InputValueDefinitions:[] HasSelections:true FieldTypeDefinition:{Kind:NodeKind(0) Ref:0} EnclosingTypeDefinition:{Kind:NodeKindObjectTypeDefinition Ref:2} IsLastRootNode:false Definition:{Kind:NodeKind(0) Ref:0}}
    EnterField(id::Post): ref: 6, info: {Depth:3 Ancestors:[{Kind:NodeKindFragmentDefinition Ref:0} {Kind:NodeKindSelectionSet Ref:3}] SelectionSet:3 SelectionsBefore:[] SelectionsAfter:[] ArgumentsBefore:[] ArgumentsAfter:[] VariableDefinitionsBefore:[] VariableDefinitionsAfter:[] DirectivesBefore:[] DirectivesAfter:[] InputValueDefinitions:[] HasSelections:false FieldTypeDefinition:{Kind:NodeKindScalarTypeDefinition Ref:0} EnclosingTypeDefinition:{Kind:NodeKindObjectTypeDefinition Ref:2} IsLastRootNode:false Definition:{Kind:NodeKindFieldDefinition Ref:4}}, SelectionsBefore: [] SelectionsAfter: []
    LeaveField(id::Post): ref: 6, info: {Depth:3 Ancestors:[{Kind:NodeKindFragmentDefinition Ref:0} {Kind:NodeKindSelectionSet Ref:3}] SelectionSet:3 SelectionsBefore:[] SelectionsAfter:[] ArgumentsBefore:[] ArgumentsAfter:[] VariableDefinitionsBefore:[] VariableDefinitionsAfter:[] DirectivesBefore:[] DirectivesAfter:[] InputValueDefinitions:[] HasSelections:false FieldTypeDefinition:{Kind:NodeKindScalarTypeDefinition Ref:0} EnclosingTypeDefinition:{Kind:NodeKindObjectTypeDefinition Ref:2} IsLastRootNode:false Definition:{Kind:NodeKindFieldDefinition Ref:4}}
  LeaveSelectionSet(Post): ref: 3, info: {Depth:2 Ancestors:[{Kind:NodeKindFragmentDefinition Ref:0}] SelectionSet:3 SelectionsBefore:[] SelectionsAfter:[] ArgumentsBefore:[] ArgumentsAfter:[] VariableDefinitionsBefore:[] VariableDefinitionsAfter:[] DirectivesBefore:[] DirectivesAfter:[] InputValueDefinitions:[] HasSelections:true FieldTypeDefinition:{Kind:NodeKind(0) Ref:0} EnclosingTypeDefinition:{Kind:NodeKindObjectTypeDefinition Ref:2} IsLastRootNode:false Definition:{Kind:NodeKind(0) Ref:0}}
LeaveFragmentDefinition(FirstFragment): ref: 0, info: {Depth:1 Ancestors:[] SelectionSet:-1 SelectionsBefore:[] SelectionsAfter:[] ArgumentsBefore:[] ArgumentsAfter:[] VariableDefinitionsBefore:[] VariableDefinitionsAfter:[] DirectivesBefore:[] DirectivesAfter:[] InputValueDefinitions:[] HasSelections:true FieldTypeDefinition:{Kind:NodeKind(0) Ref:0} EnclosingTypeDefinition:{Kind:NodeKindObjectTypeDefinition Ref:2} IsLastRootNode:false Definition:{Kind:NodeKind(0) Ref:0}}

EnterOperationDefinition (ArgsQuery): ref: 1, info: {Depth:1 Ancestors:[] SelectionSet:-1 SelectionsBefore:[] SelectionsAfter:[] ArgumentsBefore:[] ArgumentsAfter:[] VariableDefinitionsBefore:[] VariableDefinitionsAfter:[] DirectivesBefore:[] DirectivesAfter:[] InputValueDefinitions:[] HasSelections:false FieldTypeDefinition:{Kind:NodeKind(0) Ref:0} EnclosingTypeDefinition:{Kind:NodeKindObjectTypeDefinition Ref:0} IsLastRootNode:false Definition:{Kind:NodeKind(0) Ref:0}}
  EnterSelectionSet(Query): ref: 5, info: {Depth:2 Ancestors:[{Kind:NodeKindOperationDefinition Ref:1}] SelectionSet:5 SelectionsBefore:[] SelectionsAfter:[] ArgumentsBefore:[] ArgumentsAfter:[] VariableDefinitionsBefore:[] VariableDefinitionsAfter:[] DirectivesBefore:[] DirectivesAfter:[] InputValueDefinitions:[] HasSelections:true FieldTypeDefinition:{Kind:NodeKind(0) Ref:0} EnclosingTypeDefinition:{Kind:NodeKindObjectTypeDefinition Ref:0} IsLastRootNode:false Definition:{Kind:NodeKind(0) Ref:0}}
    EnterField(foo::Query): ref: 8, info: {Depth:3 Ancestors:[{Kind:NodeKindOperationDefinition Ref:1} {Kind:NodeKindSelectionSet Ref:5}] SelectionSet:5 SelectionsBefore:[] SelectionsAfter:[] ArgumentsBefore:[] ArgumentsAfter:[] VariableDefinitionsBefore:[] VariableDefinitionsAfter:[] DirectivesBefore:[] DirectivesAfter:[] InputValueDefinitions:[1 2] HasSelections:true FieldTypeDefinition:{Kind:NodeKindObjectTypeDefinition Ref:3} EnclosingTypeDefinition:{Kind:NodeKindObjectTypeDefinition Ref:0} IsLastRootNode:false Definition:{Kind:NodeKindFieldDefinition Ref:1}}, SelectionsBefore: [] SelectionsAfter: []
      EnterArgument(bar::Query): ref: 0, definition: {Description:{IsDefined:false IsBlockString:false Content:{Start:0 End:0} Position:0:0-0:0} Name:{Start:137 End:140} Colon:8:9-8:10 Type:5 DefaultValue:{IsDefined:false Equals:0:0-0:0 Value:{Kind:ValueKind(0) Ref:0}} HasDirectives:false Directives:{Refs:[]}}, info: {Depth:4 Ancestors:[{Kind:NodeKindOperationDefinition Ref:1} {Kind:NodeKindSelectionSet Ref:5} {Kind:NodeKindField Ref:8}] SelectionSet:-1 SelectionsBefore:[] SelectionsAfter:[] ArgumentsBefore:[] ArgumentsAfter:[1] VariableDefinitionsBefore:[] VariableDefinitionsAfter:[] DirectivesBefore:[] DirectivesAfter:[] InputValueDefinitions:[] HasSelections:false FieldTypeDefinition:{Kind:NodeKindObjectTypeDefinition Ref:3} EnclosingTypeDefinition:{Kind:NodeKindObjectTypeDefinition Ref:0} IsLastRootNode:false Definition:{Kind:NodeKindInputValueDefinition Ref:1}}
      LeaveArgument(bar::Query): ref: 0,definition: {Description:{IsDefined:false IsBlockString:false Content:{Start:0 End:0} Position:0:0-0:0} Name:{Start:137 End:140} Colon:8:9-8:10 Type:5 DefaultValue:{IsDefined:false Equals:0:0-0:0 Value:{Kind:ValueKind(0) Ref:0}} HasDirectives:false Directives:{Refs:[]}}, info: {Depth:4 Ancestors:[{Kind:NodeKindOperationDefinition Ref:1} {Kind:NodeKindSelectionSet Ref:5} {Kind:NodeKindField Ref:8}] SelectionSet:-1 SelectionsBefore:[] SelectionsAfter:[] ArgumentsBefore:[] ArgumentsAfter:[1] VariableDefinitionsBefore:[] VariableDefinitionsAfter:[] DirectivesBefore:[] DirectivesAfter:[] InputValueDefinitions:[] HasSelections:false FieldTypeDefinition:{Kind:NodeKindObjectTypeDefinition Ref:3} EnclosingTypeDefinition:{Kind:NodeKindObjectTypeDefinition Ref:0} IsLastRootNode:false Definition:{Kind:NodeKindInputValueDefinition Ref:1}}
      EnterArgument(baz::Query): ref: 1, definition: {Description:{IsDefined:false IsBlockString:false Content:{Start:0 End:0} Position:0:0-0:0} Name:{Start:151 End:154} Colon:8:23-8:24 Type:7 DefaultValue:{IsDefined:false Equals:0:0-0:0 Value:{Kind:ValueKind(0) Ref:0}} HasDirectives:false Directives:{Refs:[]}}, info: {Depth:4 Ancestors:[{Kind:NodeKindOperationDefinition Ref:1} {Kind:NodeKindSelectionSet Ref:5} {Kind:NodeKindField Ref:8}] SelectionSet:-1 SelectionsBefore:[] SelectionsAfter:[] ArgumentsBefore:[0] ArgumentsAfter:[] VariableDefinitionsBefore:[] VariableDefinitionsAfter:[] DirectivesBefore:[] DirectivesAfter:[] InputValueDefinitions:[] HasSelections:false FieldTypeDefinition:{Kind:NodeKindObjectTypeDefinition Ref:3} EnclosingTypeDefinition:{Kind:NodeKindObjectTypeDefinition Ref:0} IsLastRootNode:false Definition:{Kind:NodeKindInputValueDefinition Ref:2}}
      LeaveArgument(baz::Query): ref: 1,definition: {Description:{IsDefined:false IsBlockString:false Content:{Start:0 End:0} Position:0:0-0:0} Name:{Start:151 End:154} Colon:8:23-8:24 Type:7 DefaultValue:{IsDefined:false Equals:0:0-0:0 Value:{Kind:ValueKind(0) Ref:0}} HasDirectives:false Directives:{Refs:[]}}, info: {Depth:4 Ancestors:[{Kind:NodeKindOperationDefinition Ref:1} {Kind:NodeKindSelectionSet Ref:5} {Kind:NodeKindField Ref:8}] SelectionSet:-1 SelectionsBefore:[] SelectionsAfter:[] ArgumentsBefore:[0] ArgumentsAfter:[] VariableDefinitionsBefore:[] VariableDefinitionsAfter:[] DirectivesBefore:[] DirectivesAfter:[] InputValueDefinitions:[] HasSelections:false FieldTypeDefinition:{Kind:NodeKindObjectTypeDefinition Ref:3} EnclosingTypeDefinition:{Kind:NodeKindObjectTypeDefinition Ref:0} IsLastRootNode:false Definition:{Kind:NodeKindInputValueDefinition Ref:2}}
      EnterSelectionSet(Foo): ref: 4, info: {Depth:4 Ancestors:[{Kind:NodeKindOperationDefinition Ref:1} {Kind:NodeKindSelectionSet Ref:5} {Kind:NodeKindField Ref:8}] SelectionSet:4 SelectionsBefore:[] SelectionsAfter:[] ArgumentsBefore:[] ArgumentsAfter:[] VariableDefinitionsBefore:[] VariableDefinitionsAfter:[] DirectivesBefore:[] DirectivesAfter:[] InputValueDefinitions:[] HasSelections:true FieldTypeDefinition:{Kind:NodeKind(0) Ref:0} EnclosingTypeDefinition:{Kind:NodeKindObjectTypeDefinition Ref:3} IsLastRootNode:false Definition:{Kind:NodeKind(0) Ref:0}}
        EnterField(fooField::Foo): ref: 7, info: {Depth:5 Ancestors:[{Kind:NodeKindOperationDefinition Ref:1} {Kind:NodeKindSelectionSet Ref:5} {Kind:NodeKindField Ref:8} {Kind:NodeKindSelectionSet Ref:4}] SelectionSet:4 SelectionsBefore:[] SelectionsAfter:[] ArgumentsBefore:[] ArgumentsAfter:[] VariableDefinitionsBefore:[] VariableDefinitionsAfter:[] DirectivesBefore:[] DirectivesAfter:[] InputValueDefinitions:[] HasSelections:false FieldTypeDefinition:{Kind:NodeKindScalarTypeDefinition Ref:1} EnclosingTypeDefinition:{Kind:NodeKindObjectTypeDefinition Ref:3} IsLastRootNode:false Definition:{Kind:NodeKindFieldDefinition Ref:7}}, SelectionsBefore: [] SelectionsAfter: []
        LeaveField(fooField::Foo): ref: 7, info: {Depth:5 Ancestors:[{Kind:NodeKindOperationDefinition Ref:1} {Kind:NodeKindSelectionSet Ref:5} {Kind:NodeKindField Ref:8} {Kind:NodeKindSelectionSet Ref:4}] SelectionSet:4 SelectionsBefore:[] SelectionsAfter:[] ArgumentsBefore:[] ArgumentsAfter:[] VariableDefinitionsBefore:[] VariableDefinitionsAfter:[] DirectivesBefore:[] DirectivesAfter:[] InputValueDefinitions:[] HasSelections:false FieldTypeDefinition:{Kind:NodeKindScalarTypeDefinition Ref:1} EnclosingTypeDefinition:{Kind:NodeKindObjectTypeDefinition Ref:3} IsLastRootNode:false Definition:{Kind:NodeKindFieldDefinition Ref:7}}
      LeaveSelectionSet(Foo): ref: 4, info: {Depth:4 Ancestors:[{Kind:NodeKindOperationDefinition Ref:1} {Kind:NodeKindSelectionSet Ref:5} {Kind:NodeKindField Ref:8}] SelectionSet:4 SelectionsBefore:[] SelectionsAfter:[] ArgumentsBefore:[] ArgumentsAfter:[] VariableDefinitionsBefore:[] VariableDefinitionsAfter:[] DirectivesBefore:[] DirectivesAfter:[] InputValueDefinitions:[] HasSelections:true FieldTypeDefinition:{Kind:NodeKind(0) Ref:0} EnclosingTypeDefinition:{Kind:NodeKindObjectTypeDefinition Ref:3} IsLastRootNode:false Definition:{Kind:NodeKind(0) Ref:0}}
    LeaveField(foo::Query): ref: 8, info: {Depth:3 Ancestors:[{Kind:NodeKindOperationDefinition Ref:1} {Kind:NodeKindSelectionSet Ref:5}] SelectionSet:5 SelectionsBefore:[] SelectionsAfter:[] ArgumentsBefore:[] ArgumentsAfter:[] VariableDefinitionsBefore:[] VariableDefinitionsAfter:[] DirectivesBefore:[] DirectivesAfter:[] InputValueDefinitions:[1 2] HasSelections:true FieldTypeDefinition:{Kind:NodeKindObjectTypeDefinition Ref:3} EnclosingTypeDefinition:{Kind:NodeKindObjectTypeDefinition Ref:0} IsLastRootNode:false Definition:{Kind:NodeKindFieldDefinition Ref:1}}
  LeaveSelectionSet(Query): ref: 5, info: {Depth:2 Ancestors:[{Kind:NodeKindOperationDefinition Ref:1}] SelectionSet:5 SelectionsBefore:[] SelectionsAfter:[] ArgumentsBefore:[] ArgumentsAfter:[] VariableDefinitionsBefore:[] VariableDefinitionsAfter:[] DirectivesBefore:[] DirectivesAfter:[] InputValueDefinitions:[] HasSelections:true FieldTypeDefinition:{Kind:NodeKind(0) Ref:0} EnclosingTypeDefinition:{Kind:NodeKindObjectTypeDefinition Ref:0} IsLastRootNode:false Definition:{Kind:NodeKind(0) Ref:0}}
LeaveOperationDefinition: ref: 1, info: {Depth:1 Ancestors:[] SelectionSet:-1 SelectionsBefore:[] SelectionsAfter:[] ArgumentsBefore:[] ArgumentsAfter:[] VariableDefinitionsBefore:[] VariableDefinitionsAfter:[] DirectivesBefore:[] DirectivesAfter:[] InputValueDefinitions:[] HasSelections:false FieldTypeDefinition:{Kind:NodeKind(0) Ref:0} EnclosingTypeDefinition:{Kind:NodeKindObjectTypeDefinition Ref:0} IsLastRootNode:false Definition:{Kind:NodeKind(0) Ref:0}}

EnterOperationDefinition (VariableQuery): ref: 2, info: {Depth:1 Ancestors:[] SelectionSet:-1 SelectionsBefore:[] SelectionsAfter:[] ArgumentsBefore:[] ArgumentsAfter:[] VariableDefinitionsBefore:[] VariableDefinitionsAfter:[] DirectivesBefore:[] DirectivesAfter:[] InputValueDefinitions:[] HasSelections:false FieldTypeDefinition:{Kind:NodeKind(0) Ref:0} EnclosingTypeDefinition:{Kind:NodeKindObjectTypeDefinition Ref:0} IsLastRootNode:false Definition:{Kind:NodeKind(0) Ref:0}}
  EnterVariableDefinition(bar): ref: 0, info: {Depth:2 Ancestors:[{Kind:NodeKindOperationDefinition Ref:2}] SelectionSet:-1 SelectionsBefore:[] SelectionsAfter:[] ArgumentsBefore:[] ArgumentsAfter:[] VariableDefinitionsBefore:[] VariableDefinitionsAfter:[1] DirectivesBefore:[] DirectivesAfter:[] InputValueDefinitions:[] HasSelections:false FieldTypeDefinition:{Kind:NodeKind(0) Ref:0} EnclosingTypeDefinition:{Kind:NodeKindObjectTypeDefinition Ref:0} IsLastRootNode:false Definition:{Kind:NodeKind(0) Ref:0}}
  LeaveVariableDefinition(bar): ref: 0, info: {Depth:2 Ancestors:[{Kind:NodeKindOperationDefinition Ref:2}] SelectionSet:-1 SelectionsBefore:[] SelectionsAfter:[] ArgumentsBefore:[] ArgumentsAfter:[] VariableDefinitionsBefore:[] VariableDefinitionsAfter:[1] DirectivesBefore:[] DirectivesAfter:[] InputValueDefinitions:[] HasSelections:false FieldTypeDefinition:{Kind:NodeKind(0) Ref:0} EnclosingTypeDefinition:{Kind:NodeKindObjectTypeDefinition Ref:0} IsLastRootNode:false Definition:{Kind:NodeKind(0) Ref:0}}
  EnterVariableDefinition(baz): ref: 1, info: {Depth:2 Ancestors:[{Kind:NodeKindOperationDefinition Ref:2}] SelectionSet:-1 SelectionsBefore:[] SelectionsAfter:[] ArgumentsBefore:[] ArgumentsAfter:[] VariableDefinitionsBefore:[0] VariableDefinitionsAfter:[] DirectivesBefore:[] DirectivesAfter:[] InputValueDefinitions:[] HasSelections:false FieldTypeDefinition:{Kind:NodeKind(0) Ref:0} EnclosingTypeDefinition:{Kind:NodeKindObjectTypeDefinition Ref:0} IsLastRootNode:false Definition:{Kind:NodeKind(0) Ref:0}}
  LeaveVariableDefinition(baz): ref: 1, info: {Depth:2 Ancestors:[{Kind:NodeKindOperationDefinition Ref:2}] SelectionSet:-1 SelectionsBefore:[] SelectionsAfter:[] ArgumentsBefore:[] ArgumentsAfter:[] VariableDefinitionsBefore:[0] VariableDefinitionsAfter:[] DirectivesBefore:[] DirectivesAfter:[] InputValueDefinitions:[] HasSelections:false FieldTypeDefinition:{Kind:NodeKind(0) Ref:0} EnclosingTypeDefinition:{Kind:NodeKindObjectTypeDefinition Ref:0} IsLastRootNode:false Definition:{Kind:NodeKind(0) Ref:0}}
  EnterSelectionSet(Query): ref: 7, info: {Depth:2 Ancestors:[{Kind:NodeKindOperationDefinition Ref:2}] SelectionSet:7 SelectionsBefore:[] SelectionsAfter:[] ArgumentsBefore:[] ArgumentsAfter:[] VariableDefinitionsBefore:[] VariableDefinitionsAfter:[] DirectivesBefore:[] DirectivesAfter:[] InputValueDefinitions:[] HasSelections:true FieldTypeDefinition:{Kind:NodeKind(0) Ref:0} EnclosingTypeDefinition:{Kind:NodeKindObjectTypeDefinition Ref:0} IsLastRootNode:false Definition:{Kind:NodeKind(0) Ref:0}}
    EnterField(foo::Query): ref: 10, info: {Depth:3 Ancestors:[{Kind:NodeKindOperationDefinition Ref:2} {Kind:NodeKindSelectionSet Ref:7}] SelectionSet:7 SelectionsBefore:[] SelectionsAfter:[] ArgumentsBefore:[] ArgumentsAfter:[] VariableDefinitionsBefore:[] VariableDefinitionsAfter:[] DirectivesBefore:[] DirectivesAfter:[] InputValueDefinitions:[1 2] HasSelections:true FieldTypeDefinition:{Kind:NodeKindObjectTypeDefinition Ref:3} EnclosingTypeDefinition:{Kind:NodeKindObjectTypeDefinition Ref:0} IsLastRootNode:false Definition:{Kind:NodeKindFieldDefinition Ref:1}}, SelectionsBefore: [] SelectionsAfter: []
      EnterArgument(bar::Query): ref: 2, definition: {Description:{IsDefined:false IsBlockString:false Content:{Start:0 End:0} Position:0:0-0:0} Name:{Start:137 End:140} Colon:8:9-8:10 Type:5 DefaultValue:{IsDefined:false Equals:0:0-0:0 Value:{Kind:ValueKind(0) Ref:0}} HasDirectives:false Directives:{Refs:[]}}, info: {Depth:4 Ancestors:[{Kind:NodeKindOperationDefinition Ref:2} {Kind:NodeKindSelectionSet Ref:7} {Kind:NodeKindField Ref:10}] SelectionSet:-1 SelectionsBefore:[] SelectionsAfter:[] ArgumentsBefore:[] ArgumentsAfter:[3] VariableDefinitionsBefore:[] VariableDefinitionsAfter:[] DirectivesBefore:[] DirectivesAfter:[] InputValueDefinitions:[] HasSelections:false FieldTypeDefinition:{Kind:NodeKindObjectTypeDefinition Ref:3} EnclosingTypeDefinition:{Kind:NodeKindObjectTypeDefinition Ref:0} IsLastRootNode:false Definition:{Kind:NodeKindInputValueDefinition Ref:1}}
      LeaveArgument(bar::Query): ref: 2,definition: {Description:{IsDefined:false IsBlockString:false Content:{Start:0 End:0} Position:0:0-0:0} Name:{Start:137 End:140} Colon:8:9-8:10 Type:5 DefaultValue:{IsDefined:false Equals:0:0-0:0 Value:{Kind:ValueKind(0) Ref:0}} HasDirectives:false Directives:{Refs:[]}}, info: {Depth:4 Ancestors:[{Kind:NodeKindOperationDefinition Ref:2} {Kind:NodeKindSelectionSet Ref:7} {Kind:NodeKindField Ref:10}] SelectionSet:-1 SelectionsBefore:[] SelectionsAfter:[] ArgumentsBefore:[] ArgumentsAfter:[3] VariableDefinitionsBefore:[] VariableDefinitionsAfter:[] DirectivesBefore:[] DirectivesAfter:[] InputValueDefinitions:[] HasSelections:false FieldTypeDefinition:{Kind:NodeKindObjectTypeDefinition Ref:3} EnclosingTypeDefinition:{Kind:NodeKindObjectTypeDefinition Ref:0} IsLastRootNode:false Definition:{Kind:NodeKindInputValueDefinition Ref:1}}
      EnterArgument(baz::Query): ref: 3, definition: {Description:{IsDefined:false IsBlockString:false Content:{Start:0 End:0} Position:0:0-0:0} Name:{Start:151 End:154} Colon:8:23-8:24 Type:7 DefaultValue:{IsDefined:false Equals:0:0-0:0 Value:{Kind:ValueKind(0) Ref:0}} HasDirectives:false Directives:{Refs:[]}}, info: {Depth:4 Ancestors:[{Kind:NodeKindOperationDefinition Ref:2} {Kind:NodeKindSelectionSet Ref:7} {Kind:NodeKindField Ref:10}] SelectionSet:-1 SelectionsBefore:[] SelectionsAfter:[] ArgumentsBefore:[2] ArgumentsAfter:[] VariableDefinitionsBefore:[] VariableDefinitionsAfter:[] DirectivesBefore:[] DirectivesAfter:[] InputValueDefinitions:[] HasSelections:false FieldTypeDefinition:{Kind:NodeKindObjectTypeDefinition Ref:3} EnclosingTypeDefinition:{Kind:NodeKindObjectTypeDefinition Ref:0} IsLastRootNode:false Definition:{Kind:NodeKindInputValueDefinition Ref:2}}
      LeaveArgument(baz::Query): ref: 3,definition: {Description:{IsDefined:false IsBlockString:false Content:{Start:0 End:0} Position:0:0-0:0} Name:{Start:151 End:154} Colon:8:23-8:24 Type:7 DefaultValue:{IsDefined:false Equals:0:0-0:0 Value:{Kind:ValueKind(0) Ref:0}} HasDirectives:false Directives:{Refs:[]}}, info: {Depth:4 Ancestors:[{Kind:NodeKindOperationDefinition Ref:2} {Kind:NodeKindSelectionSet Ref:7} {Kind:NodeKindField Ref:10}] SelectionSet:-1 SelectionsBefore:[] SelectionsAfter:[] ArgumentsBefore:[2] ArgumentsAfter:[] VariableDefinitionsBefore:[] VariableDefinitionsAfter:[] DirectivesBefore:[] DirectivesAfter:[] InputValueDefinitions:[] HasSelections:false FieldTypeDefinition:{Kind:NodeKindObjectTypeDefinition Ref:3} EnclosingTypeDefinition:{Kind:NodeKindObjectTypeDefinition Ref:0} IsLastRootNode:false Definition:{Kind:NodeKindInputValueDefinition Ref:2}}
      EnterSelectionSet(Foo): ref: 6, info: {Depth:4 Ancestors:[{Kind:NodeKindOperationDefinition Ref:2} {Kind:NodeKindSelectionSet Ref:7} {Kind:NodeKindField Ref:10}] SelectionSet:6 SelectionsBefore:[] SelectionsAfter:[] ArgumentsBefore:[] ArgumentsAfter:[] VariableDefinitionsBefore:[] VariableDefinitionsAfter:[] DirectivesBefore:[] DirectivesAfter:[] InputValueDefinitions:[] HasSelections:true FieldTypeDefinition:{Kind:NodeKind(0) Ref:0} EnclosingTypeDefinition:{Kind:NodeKindObjectTypeDefinition Ref:3} IsLastRootNode:false Definition:{Kind:NodeKind(0) Ref:0}}
        EnterField(fooField::Foo): ref: 9, info: {Depth:5 Ancestors:[{Kind:NodeKindOperationDefinition Ref:2} {Kind:NodeKindSelectionSet Ref:7} {Kind:NodeKindField Ref:10} {Kind:NodeKindSelectionSet Ref:6}] SelectionSet:6 SelectionsBefore:[] SelectionsAfter:[] ArgumentsBefore:[] ArgumentsAfter:[] VariableDefinitionsBefore:[] VariableDefinitionsAfter:[] DirectivesBefore:[] DirectivesAfter:[] InputValueDefinitions:[] HasSelections:false FieldTypeDefinition:{Kind:NodeKindScalarTypeDefinition Ref:1} EnclosingTypeDefinition:{Kind:NodeKindObjectTypeDefinition Ref:3} IsLastRootNode:false Definition:{Kind:NodeKindFieldDefinition Ref:7}}, SelectionsBefore: [] SelectionsAfter: []
        LeaveField(fooField::Foo): ref: 9, info: {Depth:5 Ancestors:[{Kind:NodeKindOperationDefinition Ref:2} {Kind:NodeKindSelectionSet Ref:7} {Kind:NodeKindField Ref:10} {Kind:NodeKindSelectionSet Ref:6}] SelectionSet:6 SelectionsBefore:[] SelectionsAfter:[] ArgumentsBefore:[] ArgumentsAfter:[] VariableDefinitionsBefore:[] VariableDefinitionsAfter:[] DirectivesBefore:[] DirectivesAfter:[] InputValueDefinitions:[] HasSelections:false FieldTypeDefinition:{Kind:NodeKindScalarTypeDefinition Ref:1} EnclosingTypeDefinition:{Kind:NodeKindObjectTypeDefinition Ref:3} IsLastRootNode:false Definition:{Kind:NodeKindFieldDefinition Ref:7}}
      LeaveSelectionSet(Foo): ref: 6, info: {Depth:4 Ancestors:[{Kind:NodeKindOperationDefinition Ref:2} {Kind:NodeKindSelectionSet Ref:7} {Kind:NodeKindField Ref:10}] SelectionSet:6 SelectionsBefore:[] SelectionsAfter:[] ArgumentsBefore:[] ArgumentsAfter:[] VariableDefinitionsBefore:[] VariableDefinitionsAfter:[] DirectivesBefore:[] DirectivesAfter:[] InputValueDefinitions:[] HasSelections:true FieldTypeDefinition:{Kind:NodeKind(0) Ref:0} EnclosingTypeDefinition:{Kind:NodeKindObjectTypeDefinition Ref:3} IsLastRootNode:false Definition:{Kind:NodeKind(0) Ref:0}}
    LeaveField(foo::Query): ref: 10, info: {Depth:3 Ancestors:[{Kind:NodeKindOperationDefinition Ref:2} {Kind:NodeKindSelectionSet Ref:7}] SelectionSet:7 SelectionsBefore:[] SelectionsAfter:[] ArgumentsBefore:[] ArgumentsAfter:[] VariableDefinitionsBefore:[] VariableDefinitionsAfter:[] DirectivesBefore:[] DirectivesAfter:[] InputValueDefinitions:[1 2] HasSelections:true FieldTypeDefinition:{Kind:NodeKindObjectTypeDefinition Ref:3} EnclosingTypeDefinition:{Kind:NodeKindObjectTypeDefinition Ref:0} IsLastRootNode:false Definition:{Kind:NodeKindFieldDefinition Ref:1}}
  LeaveSelectionSet(Query): ref: 7, info: {Depth:2 Ancestors:[{Kind:NodeKindOperationDefinition Ref:2}] SelectionSet:7 SelectionsBefore:[] SelectionsAfter:[] ArgumentsBefore:[] ArgumentsAfter:[] VariableDefinitionsBefore:[] VariableDefinitionsAfter:[] DirectivesBefore:[] DirectivesAfter:[] InputValueDefinitions:[] HasSelections:true FieldTypeDefinition:{Kind:NodeKind(0) Ref:0} EnclosingTypeDefinition:{Kind:NodeKindObjectTypeDefinition Ref:0} IsLastRootNode:false Definition:{Kind:NodeKind(0) Ref:0}}
LeaveOperationDefinition: ref: 2, info: {Depth:1 Ancestors:[] SelectionSet:-1 SelectionsBefore:[] SelectionsAfter:[] ArgumentsBefore:[] ArgumentsAfter:[] VariableDefinitionsBefore:[] VariableDefinitionsAfter:[] DirectivesBefore:[] DirectivesAfter:[] InputValueDefinitions:[] HasSelections:false FieldTypeDefinition:{Kind:NodeKind(0) Ref:0} EnclosingTypeDefinition:{Kind:NodeKindObjectTypeDefinition Ref:0} IsLastRootNode:false Definition:{Kind:NodeKind(0) Ref:0}}

EnterOperationDefinition (VariableQuery): ref: 3, info: {Depth:1 Ancestors:[] SelectionSet:-1 SelectionsBefore:[] SelectionsAfter:[] ArgumentsBefore:[] ArgumentsAfter:[] VariableDefinitionsBefore:[] VariableDefinitionsAfter:[] DirectivesBefore:[] DirectivesAfter:[] InputValueDefinitions:[] HasSelections:false FieldTypeDefinition:{Kind:NodeKind(0) Ref:0} EnclosingTypeDefinition:{Kind:NodeKindObjectTypeDefinition Ref:0} IsLastRootNode:true Definition:{Kind:NodeKind(0) Ref:0}}
  EnterSelectionSet(Query): ref: 9, info: {Depth:2 Ancestors:[{Kind:NodeKindOperationDefinition Ref:3}] SelectionSet:9 SelectionsBefore:[] SelectionsAfter:[] ArgumentsBefore:[] ArgumentsAfter:[] VariableDefinitionsBefore:[] VariableDefinitionsAfter:[] DirectivesBefore:[] DirectivesAfter:[] InputValueDefinitions:[] HasSelections:true FieldTypeDefinition:{Kind:NodeKind(0) Ref:0} EnclosingTypeDefinition:{Kind:NodeKindObjectTypeDefinition Ref:0} IsLastRootNode:false Definition:{Kind:NodeKind(0) Ref:0}}
    EnterField(posts::Query): ref: 12, info: {Depth:3 Ancestors:[{Kind:NodeKindOperationDefinition Ref:3} {Kind:NodeKindSelectionSet Ref:9}] SelectionSet:9 SelectionsBefore:[] SelectionsAfter:[] ArgumentsBefore:[] ArgumentsAfter:[] VariableDefinitionsBefore:[] VariableDefinitionsAfter:[] DirectivesBefore:[] DirectivesAfter:[] InputValueDefinitions:[] HasSelections:true FieldTypeDefinition:{Kind:NodeKindObjectTypeDefinition Ref:2} EnclosingTypeDefinition:{Kind:NodeKindObjectTypeDefinition Ref:0} IsLastRootNode:false Definition:{Kind:NodeKindFieldDefinition Ref:0}}, SelectionsBefore: [] SelectionsAfter: []
      EnterSelectionSet(Post): ref: 8, info: {Depth:4 Ancestors:[{Kind:NodeKindOperationDefinition Ref:3} {Kind:NodeKindSelectionSet Ref:9} {Kind:NodeKindField Ref:12}] SelectionSet:8 SelectionsBefore:[] SelectionsAfter:[] ArgumentsBefore:[] ArgumentsAfter:[] VariableDefinitionsBefore:[] VariableDefinitionsAfter:[] DirectivesBefore:[] DirectivesAfter:[] InputValueDefinitions:[] HasSelections:true FieldTypeDefinition:{Kind:NodeKind(0) Ref:0} EnclosingTypeDefinition:{Kind:NodeKindObjectTypeDefinition Ref:2} IsLastRootNode:false Definition:{Kind:NodeKind(0) Ref:0}}
        EnterField(id::Post): ref: 11, info: {Depth:5 Ancestors:[{Kind:NodeKindOperationDefinition Ref:3} {Kind:NodeKindSelectionSet Ref:9} {Kind:NodeKindField Ref:12} {Kind:NodeKindSelectionSet Ref:8}] SelectionSet:8 SelectionsBefore:[] SelectionsAfter:[] ArgumentsBefore:[] ArgumentsAfter:[] VariableDefinitionsBefore:[] VariableDefinitionsAfter:[] DirectivesBefore:[] DirectivesAfter:[] InputValueDefinitions:[] HasSelections:false FieldTypeDefinition:{Kind:NodeKindScalarTypeDefinition Ref:0} EnclosingTypeDefinition:{Kind:NodeKindObjectTypeDefinition Ref:2} IsLastRootNode:false Definition:{Kind:NodeKindFieldDefinition Ref:4}}, SelectionsBefore: [] SelectionsAfter: []
          EnterDirective(include): ref: 0, info: {Depth:6 Ancestors:[{Kind:NodeKindOperationDefinition Ref:3} {Kind:NodeKindSelectionSet Ref:9} {Kind:NodeKindField Ref:12} {Kind:NodeKindSelectionSet Ref:8} {Kind:NodeKindField Ref:11}] SelectionSet:8 SelectionsBefore:[] SelectionsAfter:[] ArgumentsBefore:[] ArgumentsAfter:[] VariableDefinitionsBefore:[] VariableDefinitionsAfter:[] DirectivesBefore:[] DirectivesAfter:[] InputValueDefinitions:[] HasSelections:false FieldTypeDefinition:{Kind:NodeKindScalarTypeDefinition Ref:0} EnclosingTypeDefinition:{Kind:NodeKindObjectTypeDefinition Ref:2} IsLastRootNode:false Definition:{Kind:NodeKindDirectiveDefinition Ref:0}}
            EnterArgument(if::Post): ref: 4, definition: {Description:{IsDefined:false IsBlockString:false Content:{Start:0 End:0} Position:0:0-0:0} Name:{Start:20 End:22} Colon:2:22-2:23 Type:1 DefaultValue:{IsDefined:false Equals:0:0-0:0 Value:{Kind:ValueKind(0) Ref:0}} HasDirectives:false Directives:{Refs:[]}}, info: {Depth:7 Ancestors:[{Kind:NodeKindOperationDefinition Ref:3} {Kind:NodeKindSelectionSet Ref:9} {Kind:NodeKindField Ref:12} {Kind:NodeKindSelectionSet Ref:8} {Kind:NodeKindField Ref:11} {Kind:NodeKindDirective Ref:0}] SelectionSet:-1 SelectionsBefore:[] SelectionsAfter:[] ArgumentsBefore:[] ArgumentsAfter:[] VariableDefinitionsBefore:[] VariableDefinitionsAfter:[] DirectivesBefore:[] DirectivesAfter:[] InputValueDefinitions:[] HasSelections:false FieldTypeDefinition:{Kind:NodeKindScalarTypeDefinition Ref:0} EnclosingTypeDefinition:{Kind:NodeKindObjectTypeDefinition Ref:2} IsLastRootNode:false Definition:{Kind:NodeKindInputValueDefinition Ref:0}}
            LeaveArgument(if::Post): ref: 4,definition: {Description:{IsDefined:false IsBlockString:false Content:{Start:0 End:0} Position:0:0-0:0} Name:{Start:20 End:22} Colon:2:22-2:23 Type:1 DefaultValue:{IsDefined:false Equals:0:0-0:0 Value:{Kind:ValueKind(0) Ref:0}} HasDirectives:false Directives:{Refs:[]}}, info: {Depth:7 Ancestors:[{Kind:NodeKindOperationDefinition Ref:3} {Kind:NodeKindSelectionSet Ref:9} {Kind:NodeKindField Ref:12} {Kind:NodeKindSelectionSet Ref:8} {Kind:NodeKindField Ref:11} {Kind:NodeKindDirective Ref:0}] SelectionSet:-1 SelectionsBefore:[] SelectionsAfter:[] ArgumentsBefore:[] ArgumentsAfter:[] VariableDefinitionsBefore:[] VariableDefinitionsAfter:[] DirectivesBefore:[] DirectivesAfter:[] InputValueDefinitions:[] HasSelections:false FieldTypeDefinition:{Kind:NodeKindScalarTypeDefinition Ref:0} EnclosingTypeDefinition:{Kind:NodeKindObjectTypeDefinition Ref:2} IsLastRootNode:false Definition:{Kind:NodeKindInputValueDefinition Ref:0}}
          LeaveDirective(include): ref: 0, info: {Depth:6 Ancestors:[{Kind:NodeKindOperationDefinition Ref:3} {Kind:NodeKindSelectionSet Ref:9} {Kind:NodeKindField Ref:12} {Kind:NodeKindSelectionSet Ref:8} {Kind:NodeKindField Ref:11}] SelectionSet:8 SelectionsBefore:[] SelectionsAfter:[] ArgumentsBefore:[] ArgumentsAfter:[] VariableDefinitionsBefore:[] VariableDefinitionsAfter:[] DirectivesBefore:[] DirectivesAfter:[] InputValueDefinitions:[] HasSelections:false FieldTypeDefinition:{Kind:NodeKindScalarTypeDefinition Ref:0} EnclosingTypeDefinition:{Kind:NodeKindObjectTypeDefinition Ref:2} IsLastRootNode:false Definition:{Kind:NodeKindDirectiveDefinition Ref:0}}
        LeaveField(id::Post): ref: 11, info: {Depth:5 Ancestors:[{Kind:NodeKindOperationDefinition Ref:3} {Kind:NodeKindSelectionSet Ref:9} {Kind:NodeKindField Ref:12} {Kind:NodeKindSelectionSet Ref:8}] SelectionSet:8 SelectionsBefore:[] SelectionsAfter:[] ArgumentsBefore:[] ArgumentsAfter:[] VariableDefinitionsBefore:[] VariableDefinitionsAfter:[] DirectivesBefore:[] DirectivesAfter:[] InputValueDefinitions:[] HasSelections:false FieldTypeDefinition:{Kind:NodeKindScalarTypeDefinition Ref:0} EnclosingTypeDefinition:{Kind:NodeKindObjectTypeDefinition Ref:2} IsLastRootNode:false Definition:{Kind:NodeKindFieldDefinition Ref:4}}
      LeaveSelectionSet(Post): ref: 8, info: {Depth:4 Ancestors:[{Kind:NodeKindOperationDefinition Ref:3} {Kind:NodeKindSelectionSet Ref:9} {Kind:NodeKindField Ref:12}] SelectionSet:8 SelectionsBefore:[] SelectionsAfter:[] ArgumentsBefore:[] ArgumentsAfter:[] VariableDefinitionsBefore:[] VariableDefinitionsAfter:[] DirectivesBefore:[] DirectivesAfter:[] InputValueDefinitions:[] HasSelections:true FieldTypeDefinition:{Kind:NodeKind(0) Ref:0} EnclosingTypeDefinition:{Kind:NodeKindObjectTypeDefinition Ref:2} IsLastRootNode:false Definition:{Kind:NodeKind(0) Ref:0}}
    LeaveField(posts::Query): ref: 12, info: {Depth:3 Ancestors:[{Kind:NodeKindOperationDefinition Ref:3} {Kind:NodeKindSelectionSet Ref:9}] SelectionSet:9 SelectionsBefore:[] SelectionsAfter:[] ArgumentsBefore:[] ArgumentsAfter:[] VariableDefinitionsBefore:[] VariableDefinitionsAfter:[] DirectivesBefore:[] DirectivesAfter:[] InputValueDefinitions:[] HasSelections:true FieldTypeDefinition:{Kind:NodeKindObjectTypeDefinition Ref:2} EnclosingTypeDefinition:{Kind:NodeKindObjectTypeDefinition Ref:0} IsLastRootNode:false Definition:{Kind:NodeKindFieldDefinition Ref:0}}
  LeaveSelectionSet(Query): ref: 9, info: {Depth:2 Ancestors:[{Kind:NodeKindOperationDefinition Ref:3}] SelectionSet:9 SelectionsBefore:[] SelectionsAfter:[] ArgumentsBefore:[] ArgumentsAfter:[] VariableDefinitionsBefore:[] VariableDefinitionsAfter:[] DirectivesBefore:[] DirectivesAfter:[] InputValueDefinitions:[] HasSelections:true FieldTypeDefinition:{Kind:NodeKind(0) Ref:0} EnclosingTypeDefinition:{Kind:NodeKindObjectTypeDefinition Ref:0} IsLastRootNode:false Definition:{Kind:NodeKind(0) Ref:0}}
LeaveOperationDefinition: ref: 3, info: {Depth:1 Ancestors:[] SelectionSet:-1 SelectionsBefore:[] SelectionsAfter:[] ArgumentsBefore:[] ArgumentsAfter:[] VariableDefinitionsBefore:[] VariableDefinitionsAfter:[] DirectivesBefore:[] DirectivesAfter:[] InputValueDefinitions:[] HasSelections:false FieldTypeDefinition:{Kind:NodeKind(0) Ref:0} EnclosingTypeDefinition:{Kind:NodeKindObjectTypeDefinition Ref:0} IsLastRootNode:true Definition:{Kind:NodeKind(0) Ref:0}}

